missing mints to fetch: 48
  ! 5q8oqdPgc5EJNs TimeoutError
  + 5ucDaCB9ReT4Ei rows=41 src=gecko
  + 66ruWUv7KLXkLb rows=15 src=gecko
  + 6JJ5VejCCdRW4e rows=258 src=gecko
  + 6dMPiTuRMxXCgX rows=127 src=gecko
  + 6jRTP7MWb8ihnX rows=1000 src=gecko
  + 6rtKeLE89kPfqL rows=111 src=gecko
  + 7K4jGRV7PY1Eym rows=1000 src=gecko
  + 7KDuERhNV1tDqe rows=657 src=gecko
  + 7ffqEZqb8Httu6 rows=217 src=gecko
  + 7ssJZGFT3twGqe rows=1000 src=birdeye
  + 7ursFQJE7UykT9 rows=1000 src=birdeye
  + 8qCQkHdXFusQTv rows=926 src=gecko
  + 92G6qAymyDNQe4 rows=1000 src=birdeye
  + 9S4dmRLq3Smonr rows=6 src=gecko
  + 9dWtP6UQARC43J rows=133 src=gecko
  + 9wtPo9PnzvTZE5 rows=13 src=gecko
  + AKnrrFCyZxoZnN rows=14 src=gecko
  + AVBN6kXdaw27yS rows=1000 src=birdeye
  + AsgTxQD8MiYWbo rows=1000 src=birdeye
  + BANKJmvhT8tiJR rows=1000 src=birdeye
  + BDSsk665JA6Bu9 rows=494 src=birdeye
  + BE7Q9rB9u1T4VA rows=982 src=birdeye
  + BLRCu7QXE46WQB rows=1000 src=birdeye
  + BbYLxqukAb912L rows=1000 src=birdeye
  + C1TsRMAcm911Nd rows=471 src=gecko
  + C4MpJfdHhLeTQQ rows=1000 src=gecko
  + C6XQfwrPs9pzFb rows=1000 src=gecko
  + CRJDgvxzZKCmCK rows=1000 src=birdeye
  + CkbgrqyyXiB2x5 rows=1000 src=birdeye
  + DFbrpozWNHk8G4 rows=1000 src=gecko
DONE exit=124
